---
source: ctui-components/src/modal.rs
expression: result
---
                                                  
                                                  
                                                  
                                                  
                                                  
                                                  
                                                  
               ┌ Confirmation ────┐               
               │                  │               
               │Are you sure you w│               
               │                  │               
               │    [ Close ]     │               
               └──────────────────┘
