---
source: ctui-components/src/modal.rs
expression: result
---
                                        
                                        
                                        
                                        
                                        
          ┌──────────────────┐          
          │                  │          
          │                  │          
          │    [ Close ]     │          
          └──────────────────┘
